$ORIGIN .
$TTL 86400	; 1 day
tonkat.su		IN SOA	ns1.linode.com. noc.tonkat.su. (
				2014032021 ; serial
				10800      ; refresh (3 hours)
				1800       ; retry (30 minutes)
				604800     ; expire (1 week)
				86400      ; minimum (1 day)
				)
			NS	ns1.linode.com.
			NS	ns2.linode.com.
			NS	ns3.linode.com.
			NS	ns4.linode.com.
			NS	ns5.linode.com.
$TTL 300	; 5 minutes
			A	192.95.18.8
$TTL 3600	; 1 hour
			MX	1 ASPMX.L.GOOGLE.COM.
			MX	5 ALT1.ASPMX.L.GOOGLE.COM.
			MX	5 ALT2.ASPMX.L.GOOGLE.COM.
			MX	10 ASPMX2.GOOGLEMAIL.COM.
			MX	10 ASPMX3.GOOGLEMAIL.COM.
$TTL 300	; 5 minutes
			TXT	"v=spf1 include:_spf.google.com ~all"
			TXT	"google-site-verification=vlqMfiRdpt5tM9d__-NYts2qndrnDBKrMqmfiUs4Uww"
			AAAA	2607:5300:60:2929::2
			DNSKEY	256 3 5 (
				AwEAAbqZSWikzjHxGGKN5bl8/hTLQvPlGRX0UyHvVOXy
				g8rQNPkagCmwbHnr4XshJZOpfxffbzYp6j5Q1+fmv3Z/
				9EZGkJKGia9RDyhHv9t74hlJZQ8pNouO9gzjGfK5Xq54
				ALBN5JQSKMiyHJ8XiMS5TxRYmwxFqC10mjMSexyzBiaz
				) ; ZSK; alg = RSASHA1; key id = 9120
			DNSKEY	257 3 5 (
				AwEAAasAoJOifKdjCbh5kXuGbA/2TrA5ZzpDn6SvOuHH
				DwRNWQbUkebvDndRayRclIZWT49CaHwF2e8OYgtgPXnu
				+kZYmaw+cYWZMdWkx49aMiMdJbYsQIKvuKDFNHbP5k/u
				GP1rNbbULcFzDCHM1qsq9c/UF5OL3dEAqThkjwPWT3x+
				ErUdjmAOHvx7lwdqEl11b0E3SLLVZ8H6LK9VOs2KJVM=
				) ; KSK; alg = RSASHA1; key id = 25966
$ORIGIN tonkat.su.
$TTL 3600	; 1 hour
google._domainkey	TXT	"v=DKIM1\; k=rsa\; p=MIGfMA0GCSqGSIb3DQEBAQUAA4GNADCBiQKBgQCCeg3e7OAfL7h/XOQUOg7fNloVA2WUKkHQeyf37iJkLYaXR/8KyjamoiRMT80Y+ZrAHKAN//RynooGA6+zxvcO4Jf/kUyQUd7OvAj1q2HLa2OqbVd+9u4tiEskI3rvMqX/LMBrslloqhp+V3f2bS7Z4hfzGDUUJseVZquoPJqX+QIDAQAB "
calendar		CNAME	ghs.googlehosted.COM.
$TTL 300	; 5 minutes
deluge			A	192.95.25.41
$ORIGIN dev.tonkat.su.
*			A	192.95.25.41
$ORIGIN tonkat.su.
$TTL 3600	; 1 hour
docs			CNAME	ghs.googlehosted.COM.
gmail			CNAME	ghs.googlehosted.COM.
$TTL 300	; 5 minutes
ns1			A	69.93.127.10
			AAAA	2600:3c00::a
ns2			A	65.19.178.10
			AAAA	2600:3c01::a
ns3			A	75.127.96.10
			AAAA	2600:3c02::a
ns4			A	207.192.70.10
			AAAA	2600:3c03::a
ns5			A	109.74.194.10
			AAAA	2a01:7e00::a
p			A	75.127.3.103
penn			A	71.19.154.184
			AAAA	2605:2700:0:3::4713:9ab8
www			CNAME	tonkat.su.
